[09:53:04] COLIZEUM PC Manager v1.4
[09:53:04] Компьютер: PC09
[09:53:04] Операция: GameUpdate
[09:53:04] ЗАПУЩЕН: general (ALT3).bat — ярлык | D:/Игры без аккаунта/general (ALT3).bat — ярлык.lnk
[09:53:04] general (ALT3).bat — ярлык | ОЖИДАНИЕ ПОСЛЕ ЗАПУСКА: 60 сек.
[09:54:04] ЗАПУЩЕН: Discord | C:\Users\Colizeum\AppData\Roaming\Microsoft\Windows\Start Menu\Programs\Discord Inc\Discord.lnk
[09:54:04] Discord | ОЖИДАНИЕ ПОСЛЕ ЗАПУСКА: 60 сек.
[09:55:04] ЗАПУЩЕН: RentalGames updater | D:\RentalGames\updater.exe
[09:55:04] RentalGames updater | ОЖИДАНИЕ ПОСЛЕ ЗАПУСКА: 120 сек.
[09:57:04] ЗАПУЩЕН: Epic Games | D:\Games\Epic Games\Launcher\Portal\Binaries\Win64\EpicGamesLauncher.exe
[09:57:04] Epic Games | ОЖИДАНИЕ ПОСЛЕ ЗАПУСКА: 120 сек.
[09:59:04] Epic Games | СТАРТ АВТОМАТИЗАЦИИ
[09:59:04] Epic Games | ЗАПУЩЕНО: D:/Games/Epic Games/Launcher/Portal/Binaries/Win64/EpicGamesLauncher.exe
[09:59:14] Epic Games | ОЖИДАНИЕ: 10 сек.
[09:59:14] Epic Games | КЛИК: x=969 y=365
[09:59:14] Epic Games | ВВЕДЁН ЛОГИН
[09:59:17] Epic Games | ОЖИДАНИЕ: 2 сек.
[09:59:17] Epic Games | КЛАВИША: ENTER
[09:59:27] Epic Games | ОЖИДАНИЕ: 10 сек.
[09:59:27] Epic Games | КЛИК: x=886 y=508
[09:59:29] Epic Games | ОЖИДАНИЕ: 2 сек.
[09:59:29] Epic Games | ВВЕДЁН ТЕКСТ
[09:59:29] Epic Games | КЛАВИША: ENTER
[09:59:50] Epic Games | ОЖИДАНИЕ: 20 сек.
[09:59:50] Epic Games | КЛИК: x=237 y=872
[09:59:50] Epic Games | АВТОМАТИЗАЦИЯ ЗАВЕРШЕНА
[09:59:50] ЗАПУЩЕН: Lesta Game Center | D:\Games\Lesta\GameCenter\lgc.exe
[09:59:50] Lesta Game Center | ОЖИДАНИЕ ПОСЛЕ ЗАПУСКА: 60 сек.
